// Jest Snapshot v1, https://goo.gl/fbAQLP

exports[`UsersSection >  should match snapshot 1`] = `
<div
  className="sc-bdVaJa fgokpF"
>
  <header />
  <article>
    <div
      className="className sc-EHOje dUkynP"
    >
      <header>
        <div
          className="sc-ifAKCX hgCPcW"
        >
          <img
            src="https://randomuser.me/api/portraits/med/women/96.jpg"
          />
        </div>
        <div
          className="sc-bwzfXH cPnoVV"
        >
          <div>
            Martha Taylor
          </div>
          <div
            className="user-city"
          >
            Londonderry
          </div>
        </div>
      </header>
      <footer
        className="sc-htpNat kMBLBy"
      >
        <button
          className="forward-button sc-bxivhb bmDszj"
          onClick={[Function]}
        >
          â†’
        </button>
      </footer>
    </div>
  </article>
</div>
`;
