// Jest Snapshot v1, https://goo.gl/fbAQLP

exports[`UserCard >  should match snapshot 1`] = `
<div
  className="className sc-ifAKCX ebFgfC"
>
  <header>
    <div
      className="sc-htpNat ZBxtp"
    >
      <img
        src="https://randomuser.me/api/portraits/med/women/18.jpg"
      />
    </div>
    <div
      className="sc-bxivhb ikWjuB"
    >
      Abbie Mckinney
    </div>
  </header>
  <footer
    className="sc-bdVaJa ivgsgg"
  >
    <button
      className="sc-bwzfXH jHhcyn"
      onClick={[Function]}
    >
      â†’
    </button>
  </footer>
</div>
`;
